// Jest Snapshot v1, https://goo.gl/fbAQLP

exports[`ActionManager fetches a single action 1`] = `
Object {
  "data": Object {
    "getAction": Object {
      "id": "5edf4c48e9615d9a1c66cbaa",
      "name": "test action",
    },
  },
  "errors": undefined,
  "extensions": undefined,
  "http": Object {
    "headers": Headers {
      Symbol(map): Object {},
    },
  },
}
`;
