// Jest Snapshot v1, https://goo.gl/fbAQLP

exports[`AppManager fetches a single app 1`] = `
Object {
  "data": Object {
    "getApp": Object {
      "id": "5edf4c48e9615d9a1c66bbaa",
      "name": "test app",
    },
  },
  "errors": undefined,
  "extensions": undefined,
  "http": Object {
    "headers": Headers {
      Symbol(map): Object {},
    },
  },
}
`;
