// Jest Snapshot v1, https://goo.gl/fbAQLP

exports[`EventManager fetches a single event 1`] = `
Object {
  "data": Object {
    "getEvent": Object {
      "id": "5edf4c48e9615d9a1c66ceee",
      "name": "test event",
    },
  },
  "errors": undefined,
  "extensions": undefined,
  "http": Object {
    "headers": Headers {
      Symbol(map): Object {},
    },
  },
}
`;
