// Jest Snapshot v1, https://goo.gl/fbAQLP

exports[`PlatformActionManager fetches a single platform action 1`] = `
Object {
  "data": Object {
    "getPlatformAction": Object {
      "id": "5edf4c48e9615d9a1c66caee",
      "name": "test platform action",
    },
  },
  "errors": undefined,
  "extensions": undefined,
  "http": Object {
    "headers": Headers {
      Symbol(map): Object {},
    },
  },
}
`;
