// Jest Snapshot v1, https://goo.gl/fbAQLP

exports[`TriggerManager fetches a single trigger 1`] = `
Object {
  "data": Object {
    "getTrigger": Object {
      "id": "5edf4c48e9615d9a1c66bbcc",
      "name": "test trigger",
    },
  },
  "errors": undefined,
  "extensions": undefined,
  "http": Object {
    "headers": Headers {
      Symbol(map): Object {},
    },
  },
}
`;
